C:\Users\Vons\Desktop\Bssentials\src\main\java\ml\bssentials\main\Bssentials.java
C:\Users\Vons\Desktop\Bssentials\src\main\java\ml\bssentials\commands\spawnmob.java
C:\Users\Vons\Desktop\Bssentials\src\main\java\ml\bssentials\commands\Pm.java
C:\Users\Vons\Desktop\Bssentials\src\main\java\ml\bssentials\api\BssUtils.java
C:\Users\Vons\Desktop\Bssentials\src\main\java\ml\bssentials\api\MobAPI.java
C:\Users\Vons\Desktop\Bssentials\src\main\java\ml\bssentials\api\ChatAPI.java
C:\Users\Vons\Desktop\Bssentials\src\main\java\io\github\ramidzkh\KodeAPI\api\YamlConf.java
C:\Users\Vons\Desktop\Bssentials\src\main\java\ml\bssentials\addons\FullServerJoin.java
C:\Users\Vons\Desktop\Bssentials\src\main\java\ml\bssentials\commands\Ping.java
C:\Users\Vons\Desktop\Bssentials\src\main\java\ml\bssentials\commands\ViewNick.java
C:\Users\Vons\Desktop\Bssentials\src\main\java\ml\bssentials\commands\Broadcast.java
C:\Users\Vons\Desktop\Bssentials\src\main\java\io\github\ramidzkh\utils\PlayerCheck.java
C:\Users\Vons\Desktop\Bssentials\src\main\java\ml\bssentials\updater\Updater.java
C:\Users\Vons\Desktop\Bssentials\src\main\java\io\github\isaiah\listeners\onJoinNick.java
C:\Users\Vons\Desktop\Bssentials\src\main\java\ml\bssentials\ranks\ChatFormat.java
C:\Users\Vons\Desktop\Bssentials\src\main\java\io\github\isaiah\listeners\Plugins.java
C:\Users\Vons\Desktop\Bssentials\src\main\java\ml\bssentials\api\WarpAPI.java
C:\Users\Vons\Desktop\Bssentials\src\main\java\ml\bssentials\commands\Commands.java
C:\Users\Vons\Desktop\Bssentials\src\main\java\io\github\isaiah\listeners\SpawnJoin.java
C:\Users\Vons\Desktop\Bssentials\src\main\java\ml\bssentials\addons\GoogleChat.java
